{
    "software_versions": {
        "content": [
            "{CUSTOM_DUMPSOFTWAREVERSIONS={python=3.11.7, yaml=5.4.1}, SPACERANGER_UNTAR_REFERENCE={untar=1.30}, ST_CLUSTERING={quarto=1.3.302, scanpy=1.9.3}, ST_QC_AND_NORMALISATION={quarto=1.3.302, scanpy=1.9.3}, ST_READ_DATA={scanpy=1.7.2}, ST_SPATIAL_DE={SpatialDE=1.1.3, leidenalg=0.9.1, quarto=1.3.302, scanpy=1.9.3}, Workflow={nf-core/spatialtranscriptomics=1.0dev}}"
        ],
        "timestamp": "2024-01-15T16:00:03.485826"
    }
}